2025-08-11 13:09:00 | INFO | repo=ProyectoNE | action=pull
2025-01-18 18:42:00 | INFO | repo=ProyectoNE | action=commit
2025-02-05 18:43:00 | WARN | repo=ProyectoNE | action=pull
2025-02-09 19:38:00 | INFO | repo=ProyectoNE | action=commit
2025-02-04 11:32:00 | DEBUG | repo=ProyectoNE | action=pull
2025-07-24 14:17:00 | WARN | repo=ProyectoNE | action=commit
2025-10-04 20:29:00 | INFO | repo=ProyectoNE | action=commit
2025-06-21 17:23:00 | INFO | repo=ProyectoNE | action=commit
2025-04-18 14:03:00 | WARN | repo=ProyectoNE | action=commit
2025-02-25 14:02:00 | DEBUG | repo=ProyectoNE | action=commit
2025-09-22 15:51:00 | WARN | repo=ProyectoNE | action=commit
2025-11-07 14:52:00 | DEBUG | repo=ProyectoNE | action=test | passed=true
2025-12-12 10:44:00 | DEBUG | repo=ProyectoNE | action=commit
2025-02-21 10:23:00 | INFO | repo=ProyectoNE | action=commit
2025-01-14 14:32:00 | INFO | repo=ProyectoNE | action=commit
2025-06-26 10:27:00 | WARN | repo=ProyectoNE | action=commit
2025-03-01 07:01:00 | WARN | repo=ProyectoNE | action=commit
2025-08-07 07:26:00 | DEBUG | repo=ProyectoNE | action=commit
2025-01-22 13:44:00 | WARN | repo=ProyectoNE | action=commit
2025-11-08 08:19:00 | DEBUG | repo=ProyectoNE | action=commit
2025-12-17 21:24:00 | WARN | repo=ProyectoNE | action=commit
2025-12-26 11:36:00 | INFO | repo=ProyectoNE | action=commit
2025-04-01 11:29:00 | INFO | repo=ProyectoNE | action=pull
2025-12-11 21:19:00 | DEBUG | repo=ProyectoNE | action=pull
2025-09-22 21:56:00 | INFO | repo=ProyectoNE | action=pull
2025-02-09 18:40:00 | DEBUG | repo=ProyectoNE | action=commit
2025-04-01 13:36:00 | DEBUG | repo=ProyectoNE | action=commit
2025-04-09 20:05:00 | WARN | repo=ProyectoNE | action=commit
2025-04-08 19:34:00 | DEBUG | repo=ProyectoNE | action=commit
2025-07-09 07:10:00 | DEBUG | repo=ProyectoNE | action=commit
2025-12-10 08:21:00 | DEBUG | repo=ProyectoNE | action=commit
2025-12-21 14:06:00 | INFO | repo=ProyectoNE | action=test | passed=true
2025-03-06 18:21:00 | DEBUG | repo=ProyectoNE | action=commit
2025-10-10 08:00:00 | INFO | repo=ProyectoNE | action=commit
2025-07-08 07:25:00 | INFO | repo=ProyectoNE | action=commit
2025-07-25 14:47:00 | WARN | repo=ProyectoNE | action=commit
2025-11-19 14:13:00 | DEBUG | repo=ProyectoNE | action=commit
2025-02-16 17:30:00 | INFO | repo=ProyectoNE | action=commit
2025-01-07 20:25:00 | INFO | repo=ProyectoNE | action=commit
2025-03-05 13:17:00 | DEBUG | repo=ProyectoNE | action=edit | files=3
2025-01-04 11:52:00 | WARN | repo=ProyectoNE | action=commit
2025-12-07 09:42:00 | WARN | repo=ProyectoNE | action=commit
2025-11-26 07:45:00 | DEBUG | repo=ProyectoNE | action=commit
2025-09-24 21:18:00 | INFO | repo=ProyectoNE | action=commit
2025-08-20 21:45:00 | DEBUG | repo=ProyectoNE | action=commit
2025-06-03 18:10:00 | DEBUG | repo=ProyectoNE | action=commit
2025-09-16 07:27:00 | DEBUG | repo=ProyectoNE | action=commit
2025-11-14 15:01:00 | WARN | repo=ProyectoNE | action=commit
2025-09-12 10:30:00 | DEBUG | repo=ProyectoNE | action=commit
2025-10-17 07:09:00 | DEBUG | repo=ProyectoNE | action=commit
2025-08-04 14:16:00 | WARN | repo=ProyectoNE | action=commit
2025-04-16 10:24:00 | WARN | repo=ProyectoNE | action=commit
2025-06-13 07:15:00 | DEBUG | repo=ProyectoNE | action=commit
2025-06-11 21:55:00 | WARN | repo=ProyectoNE | action=commit
2025-06-23 10:08:00 | INFO | repo=ProyectoNE | action=commit
2025-08-25 14:49:00 | INFO | repo=ProyectoNE | action=commit
2025-02-05 07:20:00 | WARN | repo=ProyectoNE | action=commit
2025-06-12 20:23:00 | DEBUG | repo=ProyectoNE | action=test | passed=true
2025-02-20 12:39:00 | INFO | repo=ProyectoNE | action=commit
2025-09-05 18:46:00 | INFO | repo=ProyectoNE | action=commit
2025-04-13 15:16:00 | DEBUG | repo=ProyectoNE | action=commit
2025-02-14 19:30:00 | WARN | repo=ProyectoNE | action=commit
2025-05-19 17:55:00 | INFO | repo=ProyectoNE | action=test | passed=true
2025-12-22 09:17:00 | DEBUG | repo=ProyectoNE | action=commit
2025-07-24 16:54:00 | WARN | repo=ProyectoNE | action=commit
2025-07-22 18:05:00 | DEBUG | repo=ProyectoNE | action=commit
2025-03-27 08:57:00 | DEBUG | repo=ProyectoNE | action=commit
2025-05-13 19:18:00 | INFO | repo=ProyectoNE | action=test | passed=true
2025-08-03 08:33:00 | WARN | repo=ProyectoNE | action=edit | files=3
2025-07-12 10:59:00 | DEBUG | repo=ProyectoNE | action=pull
2025-03-03 07:58:00 | WARN | repo=ProyectoNE | action=pull
2025-06-25 15:16:00 | INFO | repo=ProyectoNE | action=commit
2025-10-15 10:36:00 | DEBUG | repo=ProyectoNE | action=commit
2025-04-21 08:14:00 | DEBUG | repo=ProyectoNE | action=commit
2025-01-20 21:24:00 | DEBUG | repo=ProyectoNE | action=edit | files=5
2025-03-13 07:29:00 | DEBUG | repo=ProyectoNE | action=pull
2025-01-18 20:50:00 | INFO | repo=ProyectoNE | action=pull
2025-08-14 10:23:00 | DEBUG | repo=ProyectoNE | action=commit
2025-12-22 07:52:00 | WARN | repo=ProyectoNE | action=edit | files=5
2025-09-28 16:58:00 | WARN | repo=ProyectoNE | action=commit
2025-12-19 21:06:00 | INFO | repo=ProyectoNE | action=pull
2025-01-15 07:54:00 | WARN | repo=ProyectoNE | action=pull
2025-12-19 17:38:00 | DEBUG | repo=ProyectoNE | action=commit
2025-06-20 13:53:00 | INFO | repo=ProyectoNE | action=commit
2025-03-24 08:32:00 | DEBUG | repo=ProyectoNE | action=commit
2025-06-28 10:06:00 | INFO | repo=ProyectoNE | action=commit
2025-04-03 10:18:00 | INFO | repo=ProyectoNE | action=edit | files=2
2025-05-13 12:37:00 | WARN | repo=ProyectoNE | action=commit
2025-11-21 12:26:00 | DEBUG | repo=ProyectoNE | action=commit
2025-06-28 09:10:00 | INFO | repo=ProyectoNE | action=test | passed=true
2025-01-11 10:55:00 | DEBUG | repo=ProyectoNE | action=commit
2025-01-09 09:17:00 | INFO | repo=ProyectoNE | action=commit
2025-03-12 11:01:00 | DEBUG | repo=ProyectoNE | action=commit
2025-04-25 21:12:00 | WARN | repo=ProyectoNE | action=commit
2025-05-15 13:48:00 | WARN | repo=ProyectoNE | action=test | passed=true
2025-04-04 07:32:00 | DEBUG | repo=ProyectoNE | action=commit
2025-06-08 07:59:00 | WARN | repo=ProyectoNE | action=commit
2025-03-03 10:48:00 | INFO | repo=ProyectoNE | action=pull
2025-06-04 08:07:00 | WARN | repo=ProyectoNE | action=commit
2025-08-12 13:31:00 | INFO | repo=ProyectoNE | action=commit
2025-10-23 17:51:00 | DEBUG | repo=ProyectoNE | action=commit
2025-05-26 07:00:00 | DEBUG | repo=ProyectoNE | action=commit
2025-11-11 21:36:00 | WARN | repo=ProyectoNE | action=commit
2025-05-03 17:23:00 | WARN | repo=ProyectoNE | action=edit | files=4
2025-10-01 15:57:00 | INFO | repo=ProyectoNE | action=commit
2025-06-18 07:27:00 | WARN | repo=ProyectoNE | action=edit | files=3
2025-06-01 07:56:00 | WARN | repo=ProyectoNE | action=commit
2025-05-05 20:48:00 | DEBUG | repo=ProyectoNE | action=commit
2025-03-01 12:24:00 | INFO | repo=ProyectoNE | action=commit
2025-08-08 07:56:00 | INFO | repo=ProyectoNE | action=commit
2025-02-08 14:04:00 | WARN | repo=ProyectoNE | action=commit
2025-07-06 18:49:00 | WARN | repo=ProyectoNE | action=commit
2025-10-27 15:57:00 | INFO | repo=ProyectoNE | action=commit
2025-11-11 09:17:00 | INFO | repo=ProyectoNE | action=commit
2025-01-17 11:28:00 | DEBUG | repo=ProyectoNE | action=pull
2025-09-14 12:30:00 | INFO | repo=ProyectoNE | action=edit | files=4
2025-07-10 08:43:00 | DEBUG | repo=ProyectoNE | action=commit
2025-03-20 20:46:00 | WARN | repo=ProyectoNE | action=commit
2025-07-08 20:25:00 | DEBUG | repo=ProyectoNE | action=commit
2025-02-21 19:37:00 | DEBUG | repo=ProyectoNE | action=commit
2025-12-11 15:43:00 | DEBUG | repo=ProyectoNE | action=test | passed=true
2025-07-12 13:10:00 | WARN | repo=ProyectoNE | action=commit
